[INFO][AppLauncher]: Using device: cuda:0
[INFO][AppLauncher]: Loading experience file: /home/zephyr/Downloads/Franka-R3-Safe-Recovery-main (1)/Franka-R3-Safe-Recovery-main/.deps/IsaacLab/apps/isaaclab.python.headless.kit
Loading user config located at: '/home/zephyr/miniforge3/envs/franka-safe-recovery/lib/python3.11/site-packages/isaacsim/kit/data/Kit/Isaac-Sim/5.1/user.config.json'
[Info] [carb] Logging to file: /home/zephyr/miniforge3/envs/franka-safe-recovery/lib/python3.11/site-packages/isaacsim/kit/logs/Kit/Isaac-Sim/5.1/kit_20260915_135335.log
2026-09-15T09:53:36Z [90ms] [Warning] [omni.usd_config.extension] Enable omni.materialx.libs extension to use MaterialX
2026-09-15T09:53:36Z [333ms] [Error] [omni.core.ITypeFactory] Circular dependency detected! Interface: omni::platforminfo::ICpuInfo requested. But plugin with an interface: /home/zephyr/miniforge3/envs/franka-safe-recovery/lib/python3.11/site-packages/isaacsim/kit/kernel/plugins/libomni.platforminfo.plugin.so is already in resolving state.
2026-09-15T09:53:36Z [333ms] [Error] [carb] [Plugin: gpu.foundation.plugin] Dependency: [omni::platforminfo::ICpuInfo v1.0] failed to be resolved.
2026-09-15T09:53:36Z [522ms] [Warning] [carb] Acquiring non optional plugin interface which is not listed as dependency: [omni::physx::IPhysxBenchmarks v1.0] (plugin: <default plugin>), by client: omni.physics.physx.plugin. Add it to CARB_PLUGIN_IMPL_DEPS() macro of a client.
2026-09-15T09:53:36Z [668ms] [Warning] [omni.isaac.dynamic_control] omni.isaac.dynamic_control is deprecated as of Isaac Sim 4.5. No action is needed from end-users.
2026-09-15T09:53:40Z [4,893ms] [Warning] [gpu.foundation.plugin] Skipping unsupported non-NVIDIA GPU: AMD Unknown (RADV RAPHAEL_MENDOCINO)
2026-09-15T09:53:40Z [4,893ms] [Warning] [gpu.foundation.plugin] Skipping unsupported non-NVIDIA GPU: AMD Unknown (RADV RAPHAEL_MENDOCINO)

|---------------------------------------------------------------------------------------------|
| Driver Version: 580.178.04    | Graphics API: Vulkan
|=============================================================================================|
| GPU | Name                             | Active | LDA | GPU Memory | Vendor-ID | LUID       |
|     |                                  |        |     |            | Device-ID | UUID       |
|     |                                  |        |     |            | Bus-ID    |            |
|---------------------------------------------------------------------------------------------|
| 0   | NVIDIA GeForce RTX 5060 Laptop.. | Yes: 0 |     | 8151    MB | 10de      | 0          |
|     |                                  |        |     |            | 2d59      | 15f9a3c9.. |
|     |                                  |        |     |            | 1         |            |
|---------------------------------------------------------------------------------------------|
| 1   | AMD Unknown (RADV RAPHAEL_MEND.. |        |     | 10799   MB | 1002      | 0          |
|     |                                  |        |     |            | 164e      | 00000000.. |
|     |                                  |        |     |            | 6         |            |
|=============================================================================================|
| OS: 22.04.5 LTS (Jammy Jellyfish) ubuntu, Version: 22.04.5, Kernel: 6.8.0-138-generic
| XServer Vendor: The X.Org Foundation, XServer Version: 12101004 (1.21.1.4)
| Processor: AMD Ryzen 9 8940HX with Radeon Graphics
| Cores: 16 | Logical Cores: 32
|---------------------------------------------------------------------------------------------|
| Total Memory (MB): 31374 | Free Memory: 24601
| Total Page/Swap (MB): 2047 | Free Page/Swap: 2047
|---------------------------------------------------------------------------------------------|
2026-09-15T09:53:41Z [5,175ms] [Warning] [gpu.foundation.plugin] CPU performance profile is set to powersave. This profile sets the CPU to the lowest frequency reducing performance.
2026-09-15T09:53:41Z [5,184ms] [Warning] [gpu.foundation.plugin] PCIe link width current (8) and maximum (16) for device 0 don't match.
2026-09-15T09:53:41Z [5,184ms] [Warning] [gpu.foundation.plugin] IOMMU is enabled.
2026-09-15T09:53:41Z [5,184ms] [Warning] [gpu.foundation.plugin] Detected IOMMU is enabled. Running CUDA peer-to-peer bandwidth and latency validation.
Unidirectional P2P=Enabled Bandwidth (P2P Writes) Matrix (GB/s)
   D\D     0 
     0 264.29 
P2P=Enabled Latency (P2P Writes) Matrix (us)
   GPU     0 
     0   2.06 

   CPU     0 
     0   1.80 
FORGE physics: 120 Hz (upstream_default); installed scene default: 120 Hz
Setting seed: 20260913
[INFO]: Base environment:
	Environment device    : cuda:0
	Environment seed      : 20260913
	Physics step-size     : 0.008333333333333333
	Rendering step-size   : 0.03333333333333333
	Environment step-size : 0.06666666666666667
2026-09-15T09:53:41Z [5,574ms] [Warning] [isaaclab.envs.direct_rl_env] The render interval (4) is smaller than the decimation (8). Multiple render calls will happen for each environment step.If this is not intended, set the render interval to be equal to the decimation.
[INFO]: Time taken for scene creation : 1.967829 seconds
[INFO]: Scene manager:  <class InteractiveScene>
	Number of environments: 1
	Environment spacing   : 2.0
	Source prim name      : /World/envs/env_0
	Global prim paths     : []
	Replicate physics     : True
[INFO]: Starting the simulation. This may take a few seconds. Please wait...
[INFO]: Time taken for simulation start : 0.578033 seconds
[INFO]: Completed setting up the environment...
Setting seed: 20260913
Controlled FORGE: g0507_d30_pitch_pos20_try00 / tilt_only
Setting seed: 20260913
Setting seed: 20260913
  d=19.9877 straight: cleared; matched=True
Setting seed: 20260913
  d=19.9877 realign: replay_mismatch; matched=False
  {'insertion_success': True, 'max_force': 2.139486074447632, 'max_torque': 0.04064716771245003, 'max_normal_load': 1.93193519115448, 'max_penetration': 0.028583137464011088, 'max_depth': 19.98877301812172, 'stalled': False, 'force_budget_exceeded': False, 'torque_budget_exceeded': False, 'numerically_valid': True, 'outcome_trustworthy': True, 'grasp_retained': True, 'max_grasp_slip_mm': 0.018696193365030922, 'max_grasp_slip_deg': 0.07912936237050427, 'max_wrist_force_n': 1.7889628410339355, 'max_wrist_torque_nm': 0.15496282279491425, 'tilt_applicable': True, 'tilt_triggered': True, 'tilt_ramp_completed': True, 'max_actual_tilt_deg': 2.029990289727524, 'max_command_tilt_deg': 2.0, 'terminal_actual_tilt_deg': 2.008765578181404, 'terminal_command_tilt_deg': 2.0, 'tilt_trigger_time_s': 6.25, 'tilt_trigger_actual_depth_mm': 6.026206165552141, 'tilt_trigger_actual_tilt_deg': 0.027976455118293345, 'tilt_trigger_command_tilt_deg': 0.0, 'tilt_completion_time_s': 7.24999999999968, 'tilt_completion_actual_depth_mm': 11.279774457216265, 'tilt_completion_actual_tilt_deg': 1.3883258953714561, 'tilt_completion_command_tilt_deg': 2.0}; final retreat cleared
Collection: 3/7 valid references
Controlled FORGE: g0507_d50_pitch_pos05_try00 / tilt_only
Setting seed: 20260913
Setting seed: 20260913
  d=20.051 straight: cleared; matched=True
Setting seed: 20260913
  d=20.051 realign: cleared; matched=True
  {'insertion_success': True, 'max_force': 0.0, 'max_torque': 0.0, 'max_normal_load': 0.0, 'max_penetration': 0.0, 'max_depth': 20.1099194586277, 'stalled': False, 'force_budget_exceeded': False, 'torque_budget_exceeded': False, 'numerically_valid': True, 'outcome_trustworthy': True, 'grasp_retained': True, 'max_grasp_slip_mm': 0.020010407752124593, 'max_grasp_slip_deg': 0.07912936237050427, 'max_wrist_force_n': 0.01662476547062397, 'max_wrist_torque_nm': 0.00927137490361929, 'tilt_applicable': True, 'tilt_triggered': True, 'tilt_ramp_completed': True, 'max_actual_tilt_deg': 0.5630175583443771, 'max_command_tilt_deg': 0.5, 'terminal_actual_tilt_deg': 0.556726612144137, 'terminal_command_tilt_deg': 0.5, 'tilt_trigger_time_s': 6.975, 'tilt_trigger_actual_depth_mm': 10.009010881185533, 'tilt_trigger_actual_tilt_deg': 0.027976455118293345, 'tilt_trigger_command_tilt_deg': 0.0, 'tilt_completion_time_s': 7.975000000002758, 'tilt_completion_actual_depth_mm': 14.931542426347734, 'tilt_completion_actual_tilt_deg': 0.3566317985901176, 'tilt_completion_command_tilt_deg': 0.5}; final retreat cleared
Collection: 4/7 valid references
Controlled FORGE: g0507_d50_pitch_pos20_try00 / tilt_only
Setting seed: 20260913
Setting seed: 20260913
  d=19.9531 straight: cleared; matched=True
Setting seed: 20260913
  d=19.9531 realign: replay_mismatch; matched=False
  {'insertion_success': True, 'max_force': 2.606426477432251, 'max_torque': 0.049212295562028885, 'max_normal_load': 2.3254165649414062, 'max_penetration': 0.03461871892795898, 'max_depth': 19.97760459780693, 'stalled': False, 'force_budget_exceeded': False, 'torque_budget_exceeded': False, 'numerically_valid': True, 'outcome_trustworthy': True, 'grasp_retained': True, 'max_grasp_slip_mm': 0.01925291508086957, 'max_grasp_slip_deg': 0.07912936237050427, 'max_wrist_force_n': 2.1824774742126465, 'max_wrist_torque_nm': 0.17536547780036926, 'tilt_applicable': True, 'tilt_triggered': True, 'tilt_ramp_completed': True, 'max_actual_tilt_deg': 2.023617227147143, 'max_command_tilt_deg': 2.0, 'terminal_actual_tilt_deg': 2.0182909756955154, 'terminal_command_tilt_deg': 2.0, 'tilt_trigger_time_s': 6.975, 'tilt_trigger_actual_depth_mm': 10.009010881185533, 'tilt_trigger_actual_tilt_deg': 0.027976455118293345, 'tilt_trigger_command_tilt_deg': 0.0, 'tilt_completion_time_s': 7.975000000006347, 'tilt_completion_actual_depth_mm': 14.707875996828081, 'tilt_completion_actual_tilt_deg': 1.3852214439627455, 'tilt_completion_command_tilt_deg': 2.0}; final retreat cleared
Collection: 5/7 valid references
Controlled FORGE: g0507_d70_pitch_pos05_try00 / tilt_only
Setting seed: 20260913
Setting seed: 20260913
  d=20.022 straight: cleared; matched=True
Setting seed: 20260913
  d=20.022 realign: cleared; matched=True
  {'insertion_success': True, 'max_force': 0.0, 'max_torque': 0.0, 'max_normal_load': 0.0, 'max_penetration': 0.0, 'max_depth': 20.107565075159073, 'stalled': False, 'force_budget_exceeded': False, 'torque_budget_exceeded': False, 'numerically_valid': True, 'outcome_trustworthy': True, 'grasp_retained': True, 'max_grasp_slip_mm': 0.018696193365030922, 'max_grasp_slip_deg': 0.07912936237050427, 'max_wrist_force_n': 0.017103124409914017, 'max_wrist_torque_nm': 0.00927137490361929, 'tilt_applicable': True, 'tilt_triggered': True, 'tilt_ramp_completed': True, 'max_actual_tilt_deg': 0.5226451195254468, 'max_command_tilt_deg': 0.5, 'terminal_actual_tilt_deg': 0.5143425912433909, 'terminal_command_tilt_deg': 0.5, 'tilt_trigger_time_s': 7.7749999999999995, 'tilt_trigger_actual_depth_mm': 14.036936312913896, 'tilt_trigger_actual_tilt_deg': 0.03956468264845247, 'tilt_trigger_command_tilt_deg': 0.0, 'tilt_completion_time_s': 8.77499999999202, 'tilt_completion_actual_depth_mm': 17.958400398492813, 'tilt_completion_actual_tilt_deg': 0.3636945235202828, 'tilt_completion_command_tilt_deg': 0.5}; final retreat cleared
Collection: 6/7 valid references
Controlled FORGE: g0507_d70_pitch_pos20_try00 / tilt_only
Setting seed: 20260913
Setting seed: 20260913
  d=19.935 straight: cleared; matched=True
Setting seed: 20260913
  d=19.935 realign: replay_mismatch; matched=False
  {'insertion_success': True, 'max_force': 3.905832052230835, 'max_torque': 0.07276225090026855, 'max_normal_load': 3.126842975616455, 'max_penetration': 0.049763508286559954, 'max_depth': 20.01144513487816, 'stalled': False, 'force_budget_exceeded': False, 'torque_budget_exceeded': False, 'numerically_valid': True, 'outcome_trustworthy': True, 'grasp_retained': True, 'max_grasp_slip_mm': 0.021111056412337348, 'max_grasp_slip_deg': 0.07912936237050427, 'max_wrist_force_n': 3.4142332077026367, 'max_wrist_torque_nm': 0.23296117782592773, 'tilt_applicable': True, 'tilt_triggered': True, 'tilt_ramp_completed': True, 'max_actual_tilt_deg': 1.99987995928004, 'max_command_tilt_deg': 2.0, 'terminal_actual_tilt_deg': 1.9959616825630206, 'terminal_command_tilt_deg': 2.0, 'tilt_trigger_time_s': 7.7749999999999995, 'tilt_trigger_actual_depth_mm': 14.036936312913896, 'tilt_trigger_actual_tilt_deg': 0.03956468264845247, 'tilt_trigger_command_tilt_deg': 0.0, 'tilt_completion_time_s': 8.77499999999202, 'tilt_completion_actual_depth_mm': 17.648523300886154, 'tilt_completion_actual_tilt_deg': 1.3852214439627455, 'tilt_completion_command_tilt_deg': 2.0}; final retreat cleared
Collection: 7/7 valid references
Controlled FORGE results: /home/zephyr/Downloads/Franka-R3-Safe-Recovery-main (1)/Franka-R3-Safe-Recovery-main/outputs/Forge-GapTilt-Pilot-20260915/gap_0507
