[INFO][AppLauncher]: Using device: cuda:0
[INFO][AppLauncher]: Loading experience file: /home/zephyr/Downloads/Franka-R3-Safe-Recovery-main (1)/Franka-R3-Safe-Recovery-main/.deps/IsaacLab/apps/isaaclab.python.headless.kit
Loading user config located at: '/home/zephyr/miniforge3/envs/franka-safe-recovery/lib/python3.11/site-packages/isaacsim/kit/data/Kit/Isaac-Sim/5.1/user.config.json'
[Info] [carb] Logging to file: /home/zephyr/miniforge3/envs/franka-safe-recovery/lib/python3.11/site-packages/isaacsim/kit/logs/Kit/Isaac-Sim/5.1/kit_20260915_140601.log
2026-09-15T10:06:01Z [92ms] [Warning] [omni.usd_config.extension] Enable omni.materialx.libs extension to use MaterialX
2026-09-15T10:06:01Z [509ms] [Warning] [carb] Acquiring non optional plugin interface which is not listed as dependency: [omni::physx::IPhysxBenchmarks v1.0] (plugin: <default plugin>), by client: omni.physics.physx.plugin. Add it to CARB_PLUGIN_IMPL_DEPS() macro of a client.
2026-09-15T10:06:01Z [652ms] [Warning] [omni.isaac.dynamic_control] omni.isaac.dynamic_control is deprecated as of Isaac Sim 4.5. No action is needed from end-users.
2026-09-15T10:06:05Z [4,811ms] [Warning] [gpu.foundation.plugin] Skipping unsupported non-NVIDIA GPU: AMD Unknown (RADV RAPHAEL_MENDOCINO)
2026-09-15T10:06:05Z [4,812ms] [Warning] [gpu.foundation.plugin] Skipping unsupported non-NVIDIA GPU: AMD Unknown (RADV RAPHAEL_MENDOCINO)

|---------------------------------------------------------------------------------------------|
| Driver Version: 580.178.04    | Graphics API: Vulkan
|=============================================================================================|
| GPU | Name                             | Active | LDA | GPU Memory | Vendor-ID | LUID       |
|     |                                  |        |     |            | Device-ID | UUID       |
|     |                                  |        |     |            | Bus-ID    |            |
|---------------------------------------------------------------------------------------------|
| 0   | NVIDIA GeForce RTX 5060 Laptop.. | Yes: 0 |     | 8151    MB | 10de      | 0          |
|     |                                  |        |     |            | 2d59      | 15f9a3c9.. |
|     |                                  |        |     |            | 1         |            |
|---------------------------------------------------------------------------------------------|
| 1   | AMD Unknown (RADV RAPHAEL_MEND.. |        |     | 10799   MB | 1002      | 0          |
|     |                                  |        |     |            | 164e      | 00000000.. |
|     |                                  |        |     |            | 6         |            |
|=============================================================================================|
| OS: 22.04.5 LTS (Jammy Jellyfish) ubuntu, Version: 22.04.5, Kernel: 6.8.0-138-generic
| XServer Vendor: The X.Org Foundation, XServer Version: 12101004 (1.21.1.4)
| Processor: AMD Ryzen 9 8940HX with Radeon Graphics
| Cores: 16 | Logical Cores: 32
|---------------------------------------------------------------------------------------------|
| Total Memory (MB): 31374 | Free Memory: 24625
| Total Page/Swap (MB): 2047 | Free Page/Swap: 2047
|---------------------------------------------------------------------------------------------|
2026-09-15T10:06:06Z [5,094ms] [Warning] [gpu.foundation.plugin] CPU performance profile is set to powersave. This profile sets the CPU to the lowest frequency reducing performance.
2026-09-15T10:06:06Z [5,104ms] [Warning] [gpu.foundation.plugin] PCIe link width current (8) and maximum (16) for device 0 don't match.
2026-09-15T10:06:06Z [5,104ms] [Warning] [gpu.foundation.plugin] IOMMU is enabled.
2026-09-15T10:06:06Z [5,104ms] [Warning] [gpu.foundation.plugin] Detected IOMMU is enabled. Running CUDA peer-to-peer bandwidth and latency validation.
Unidirectional P2P=Enabled Bandwidth (P2P Writes) Matrix (GB/s)
   D\D     0 
     0 264.52 
P2P=Enabled Latency (P2P Writes) Matrix (us)
   GPU     0 
     0   2.06 

   CPU     0 
     0   1.76 
FORGE physics: 120 Hz (upstream_default); installed scene default: 120 Hz
Setting seed: 20260913
[INFO]: Base environment:
	Environment device    : cuda:0
	Environment seed      : 20260913
	Physics step-size     : 0.008333333333333333
	Rendering step-size   : 0.03333333333333333
	Environment step-size : 0.06666666666666667
2026-09-15T10:06:07Z [6,799ms] [Warning] [isaaclab.envs.direct_rl_env] The render interval (4) is smaller than the decimation (8). Multiple render calls will happen for each environment step.If this is not intended, set the render interval to be equal to the decimation.
[INFO]: Time taken for scene creation : 0.981609 seconds
[INFO]: Scene manager:  <class InteractiveScene>
	Number of environments: 1
	Environment spacing   : 2.0
	Source prim name      : /World/envs/env_0
	Global prim paths     : []
	Replicate physics     : True
[INFO]: Starting the simulation. This may take a few seconds. Please wait...
[INFO]: Time taken for simulation start : 0.574437 seconds
[INFO]: Completed setting up the environment...
Setting seed: 20260913
Controlled FORGE: g0200_d30_pitch_pos20_try00 / tilt_only
Setting seed: 20260913
Setting seed: 20260913
  d=13.9178 straight: cleared; matched=True
Setting seed: 20260913
  d=13.9178 realign: replay_mismatch; matched=False
Setting seed: 20260913
  d=14.0506 straight: cleared; matched=True
Setting seed: 20260913
  d=14.0506 realign: cleared; matched=True
  {'insertion_success': False, 'max_force': 4.295238494873047, 'max_torque': 0.04685219004750252, 'max_normal_load': 6.232330322265625, 'max_penetration': 0.032158204703591764, 'max_depth': 14.050596952438356, 'stalled': True, 'force_budget_exceeded': False, 'torque_budget_exceeded': False, 'numerically_valid': True, 'outcome_trustworthy': True, 'grasp_retained': True, 'max_grasp_slip_mm': 0.07129497680580243, 'max_grasp_slip_deg': 0.11869404022070311, 'max_wrist_force_n': 4.193266868591309, 'max_wrist_torque_nm': 0.09375132620334625, 'tilt_applicable': True, 'tilt_triggered': True, 'tilt_ramp_completed': True, 'max_actual_tilt_deg': 2.0363434152066224, 'max_command_tilt_deg': 2.0, 'terminal_actual_tilt_deg': 2.0279646686339037, 'terminal_command_tilt_deg': 2.0, 'tilt_trigger_time_s': 6.25, 'tilt_trigger_actual_depth_mm': 6.021352112293245, 'tilt_trigger_actual_tilt_deg': 0.027976455118293345, 'tilt_trigger_command_tilt_deg': 0.0, 'tilt_completion_time_s': 7.24999999999968, 'tilt_completion_actual_depth_mm': 11.051380634307863, 'tilt_completion_actual_tilt_deg': 1.3933909903431936, 'tilt_completion_command_tilt_deg': 2.0}; final retreat cleared
Collection: 3/7 valid references
Controlled FORGE: g0200_d50_pitch_pos05_try00 / tilt_only
Setting seed: 20260913
Setting seed: 20260913
  d=20.0396 straight: cleared; matched=True
Setting seed: 20260913
  d=20.0396 realign: cleared; matched=True
  {'insertion_success': True, 'max_force': 0.6941587924957275, 'max_torque': 0.009728716686367989, 'max_normal_load': 0.5553186535835266, 'max_penetration': 0.0021496664430742385, 'max_depth': 20.108481496572495, 'stalled': False, 'force_budget_exceeded': False, 'torque_budget_exceeded': False, 'numerically_valid': True, 'outcome_trustworthy': True, 'grasp_retained': True, 'max_grasp_slip_mm': 0.02725354534049984, 'max_grasp_slip_deg': 0.08846931922527276, 'max_wrist_force_n': 0.6305791139602661, 'max_wrist_torque_nm': 0.05714138597249985, 'tilt_applicable': True, 'tilt_triggered': True, 'tilt_ramp_completed': True, 'max_actual_tilt_deg': 0.5661368183717438, 'max_command_tilt_deg': 0.5, 'terminal_actual_tilt_deg': 0.5574291121090637, 'terminal_command_tilt_deg': 0.5, 'tilt_trigger_time_s': 6.975, 'tilt_trigger_actual_depth_mm': 10.002949833869936, 'tilt_trigger_actual_tilt_deg': 0.027976455118293345, 'tilt_trigger_command_tilt_deg': 0.0, 'tilt_completion_time_s': 7.975000000006347, 'tilt_completion_actual_depth_mm': 14.919148385524752, 'tilt_completion_actual_tilt_deg': 0.3549819843055889, 'tilt_completion_command_tilt_deg': 0.5}; final retreat cleared
Collection: 4/7 valid references
Controlled FORGE: g0200_d50_pitch_pos20_try00 / tilt_only
Setting seed: 20260913
Setting seed: 20260913
  d=15.4572 straight: replay_mismatch; matched=False
Setting seed: 20260913
  d=15.4572 realign: replay_mismatch; matched=False
Setting seed: 20260913
  d=15.4706 straight: grasp_retention_limit; matched=True
Setting seed: 20260913
  d=15.4706 realign: replay_mismatch; matched=False
  {'insertion_success': False, 'max_force': 3.6651253700256348, 'max_torque': 0.06447656452655792, 'max_normal_load': 9.47903060913086, 'max_penetration': 0.04773909313371405, 'max_depth': 15.471556782722475, 'stalled': True, 'force_budget_exceeded': False, 'torque_budget_exceeded': False, 'numerically_valid': True, 'outcome_trustworthy': True, 'grasp_retained': True, 'max_grasp_slip_mm': 0.09844830492511392, 'max_grasp_slip_deg': 0.17245846124184028, 'max_wrist_force_n': 3.503033399581909, 'max_wrist_torque_nm': 0.09319935739040375, 'tilt_applicable': True, 'tilt_triggered': True, 'tilt_ramp_completed': True, 'max_actual_tilt_deg': 1.9246794578078013, 'max_command_tilt_deg': 2.0, 'terminal_actual_tilt_deg': 1.9180586751470907, 'terminal_command_tilt_deg': 2.0, 'tilt_trigger_time_s': 6.975, 'tilt_trigger_actual_depth_mm': 10.002949833869936, 'tilt_trigger_actual_tilt_deg': 0.027976455118293345, 'tilt_trigger_command_tilt_deg': 0.0, 'tilt_completion_time_s': 7.974999999992747, 'tilt_completion_actual_depth_mm': 14.416249096393587, 'tilt_completion_actual_tilt_deg': 1.3855039542015795, 'tilt_completion_command_tilt_deg': 2.0}; final retreat grasp_retention_limit
Collection: 5/7 valid references
Controlled FORGE: g0200_d70_pitch_pos05_try00 / tilt_only
Setting seed: 20260913
Setting seed: 20260913
  d=20.0383 straight: replay_mismatch; matched=False
Setting seed: 20260913
  d=20.0383 realign: cleared; matched=True
  {'insertion_success': True, 'max_force': 0.8291460871696472, 'max_torque': 0.013619104400277138, 'max_normal_load': 0.6633241176605225, 'max_penetration': 0.004943867679685354, 'max_depth': 20.085500180721283, 'stalled': False, 'force_budget_exceeded': False, 'torque_budget_exceeded': False, 'numerically_valid': True, 'outcome_trustworthy': True, 'grasp_retained': True, 'max_grasp_slip_mm': 0.027297468477627262, 'max_grasp_slip_deg': 0.08846931922527276, 'max_wrist_force_n': 0.7449644207954407, 'max_wrist_torque_nm': 0.07241807132959366, 'tilt_applicable': True, 'tilt_triggered': True, 'tilt_ramp_completed': True, 'max_actual_tilt_deg': 0.5286014235678185, 'max_command_tilt_deg': 0.5, 'terminal_actual_tilt_deg': 0.5226451195254468, 'terminal_command_tilt_deg': 0.5, 'tilt_trigger_time_s': 7.7749999999999995, 'tilt_trigger_actual_depth_mm': 14.026978611946108, 'tilt_trigger_actual_tilt_deg': 0.03956468264845247, 'tilt_trigger_command_tilt_deg': 0.0, 'tilt_completion_time_s': 8.77499999999202, 'tilt_completion_actual_depth_mm': 17.97625944018364, 'tilt_completion_actual_tilt_deg': 0.3727285197772224, 'tilt_completion_command_tilt_deg': 0.5}; final retreat cleared
Collection: 6/7 valid references
Controlled FORGE: g0200_d70_pitch_pos20_try00 / tilt_only
Setting seed: 20260913
Setting seed: 20260913
  d=17.4835 straight: replay_mismatch; matched=False
Setting seed: 20260913
  d=17.4835 realign: grasp_retention_limit; matched=True
  {'insertion_success': False, 'max_force': 3.2714996337890625, 'max_torque': 0.09497164189815521, 'max_normal_load': 11.542791366577148, 'max_penetration': 0.05964636511635035, 'max_depth': 17.490150034427643, 'stalled': True, 'force_budget_exceeded': False, 'torque_budget_exceeded': False, 'numerically_valid': False, 'outcome_trustworthy': False, 'grasp_retained': False, 'max_grasp_slip_mm': 0.14138261030893773, 'max_grasp_slip_deg': 0.21670470682966056, 'max_wrist_force_n': 2.609781503677368, 'max_wrist_torque_nm': 0.1674260050058365, 'tilt_applicable': True, 'tilt_triggered': True, 'tilt_ramp_completed': True, 'max_actual_tilt_deg': 1.7594745472470472, 'max_command_tilt_deg': 2.0, 'terminal_actual_tilt_deg': 1.7552428299292626, 'terminal_command_tilt_deg': 2.0, 'tilt_trigger_time_s': 7.7749999999999995, 'tilt_trigger_actual_depth_mm': 14.026978611946108, 'tilt_trigger_actual_tilt_deg': 0.03956468264845247, 'tilt_trigger_command_tilt_deg': 0.0, 'tilt_completion_time_s': 8.77499999999202, 'tilt_completion_actual_depth_mm': 17.342129349708557, 'tilt_completion_actual_tilt_deg': 1.3823931667891733, 'tilt_completion_command_tilt_deg': 2.0}; final retreat numerical_screen_failed
Collection: 6/7 valid references
Controlled FORGE: g0200_d70_pitch_pos20_try01 / tilt_only
Setting seed: 20260913
Setting seed: 20260913
  d=17.4835 straight: replay_mismatch; matched=False
Setting seed: 20260913
  d=17.4835 realign: grasp_retention_limit; matched=True
  {'insertion_success': False, 'max_force': 3.2714996337890625, 'max_torque': 0.09497164189815521, 'max_normal_load': 11.542791366577148, 'max_penetration': 0.05964636511635035, 'max_depth': 17.490150034427643, 'stalled': True, 'force_budget_exceeded': False, 'torque_budget_exceeded': False, 'numerically_valid': False, 'outcome_trustworthy': False, 'grasp_retained': False, 'max_grasp_slip_mm': 0.14138261030893773, 'max_grasp_slip_deg': 0.21670470682966056, 'max_wrist_force_n': 2.609781503677368, 'max_wrist_torque_nm': 0.1674260050058365, 'tilt_applicable': True, 'tilt_triggered': True, 'tilt_ramp_completed': True, 'max_actual_tilt_deg': 1.7594745472470472, 'max_command_tilt_deg': 2.0, 'terminal_actual_tilt_deg': 1.7552428299292626, 'terminal_command_tilt_deg': 2.0, 'tilt_trigger_time_s': 7.7749999999999995, 'tilt_trigger_actual_depth_mm': 14.026978611946108, 'tilt_trigger_actual_tilt_deg': 0.03956468264845247, 'tilt_trigger_command_tilt_deg': 0.0, 'tilt_completion_time_s': 8.77499999999202, 'tilt_completion_actual_depth_mm': 17.342129349708557, 'tilt_completion_actual_tilt_deg': 1.3823931667891733, 'tilt_completion_command_tilt_deg': 2.0}; final retreat numerical_screen_failed
Collection: 6/7 valid references
Controlled FORGE: g0200_d70_pitch_pos20_try02 / tilt_only
Setting seed: 20260913
Setting seed: 20260913
  d=17.4835 straight: replay_mismatch; matched=False
Setting seed: 20260913
  d=17.4835 realign: grasp_retention_limit; matched=True
  {'insertion_success': False, 'max_force': 3.2714996337890625, 'max_torque': 0.09497164189815521, 'max_normal_load': 11.542791366577148, 'max_penetration': 0.05964636511635035, 'max_depth': 17.490150034427643, 'stalled': True, 'force_budget_exceeded': False, 'torque_budget_exceeded': False, 'numerically_valid': False, 'outcome_trustworthy': False, 'grasp_retained': False, 'max_grasp_slip_mm': 0.14138261030893773, 'max_grasp_slip_deg': 0.21670470682966056, 'max_wrist_force_n': 2.609781503677368, 'max_wrist_torque_nm': 0.1674260050058365, 'tilt_applicable': True, 'tilt_triggered': True, 'tilt_ramp_completed': True, 'max_actual_tilt_deg': 1.7594745472470472, 'max_command_tilt_deg': 2.0, 'terminal_actual_tilt_deg': 1.7552428299292626, 'terminal_command_tilt_deg': 2.0, 'tilt_trigger_time_s': 7.7749999999999995, 'tilt_trigger_actual_depth_mm': 14.026978611946108, 'tilt_trigger_actual_tilt_deg': 0.03956468264845247, 'tilt_trigger_command_tilt_deg': 0.0, 'tilt_completion_time_s': 8.77499999999202, 'tilt_completion_actual_depth_mm': 17.342129349708557, 'tilt_completion_actual_tilt_deg': 1.3823931667891733, 'tilt_completion_command_tilt_deg': 2.0}; final retreat numerical_screen_failed
Collection: 6/7 valid references
Controlled FORGE: g0200_d70_pitch_pos20_try03 / tilt_only
Setting seed: 20260913
Setting seed: 20260913
  d=17.4835 straight: replay_mismatch; matched=False
Setting seed: 20260913
  d=17.4835 realign: grasp_retention_limit; matched=True
  {'insertion_success': False, 'max_force': 3.2714996337890625, 'max_torque': 0.09497164189815521, 'max_normal_load': 11.542791366577148, 'max_penetration': 0.05964636511635035, 'max_depth': 17.490150034427643, 'stalled': True, 'force_budget_exceeded': False, 'torque_budget_exceeded': False, 'numerically_valid': False, 'outcome_trustworthy': False, 'grasp_retained': False, 'max_grasp_slip_mm': 0.14138261030893773, 'max_grasp_slip_deg': 0.21670470682966056, 'max_wrist_force_n': 2.609781503677368, 'max_wrist_torque_nm': 0.1674260050058365, 'tilt_applicable': True, 'tilt_triggered': True, 'tilt_ramp_completed': True, 'max_actual_tilt_deg': 1.7594745472470472, 'max_command_tilt_deg': 2.0, 'terminal_actual_tilt_deg': 1.7552428299292626, 'terminal_command_tilt_deg': 2.0, 'tilt_trigger_time_s': 7.7749999999999995, 'tilt_trigger_actual_depth_mm': 14.026978611946108, 'tilt_trigger_actual_tilt_deg': 0.03956468264845247, 'tilt_trigger_command_tilt_deg': 0.0, 'tilt_completion_time_s': 8.77499999999202, 'tilt_completion_actual_depth_mm': 17.342129349708557, 'tilt_completion_actual_tilt_deg': 1.3823931667891733, 'tilt_completion_command_tilt_deg': 2.0}; final retreat numerical_screen_failed
Collection: 6/7 valid references
Controlled FORGE: g0200_d70_pitch_pos20_try04 / tilt_only
Setting seed: 20260913
Setting seed: 20260913
  d=17.4835 straight: replay_mismatch; matched=False
Setting seed: 20260913
  d=17.4835 realign: grasp_retention_limit; matched=True
  {'insertion_success': False, 'max_force': 3.2714996337890625, 'max_torque': 0.09497164189815521, 'max_normal_load': 11.542791366577148, 'max_penetration': 0.05964636511635035, 'max_depth': 17.490150034427643, 'stalled': True, 'force_budget_exceeded': False, 'torque_budget_exceeded': False, 'numerically_valid': False, 'outcome_trustworthy': False, 'grasp_retained': False, 'max_grasp_slip_mm': 0.14138261030893773, 'max_grasp_slip_deg': 0.21670470682966056, 'max_wrist_force_n': 2.609781503677368, 'max_wrist_torque_nm': 0.1674260050058365, 'tilt_applicable': True, 'tilt_triggered': True, 'tilt_ramp_completed': True, 'max_actual_tilt_deg': 1.7594745472470472, 'max_command_tilt_deg': 2.0, 'terminal_actual_tilt_deg': 1.7552428299292626, 'terminal_command_tilt_deg': 2.0, 'tilt_trigger_time_s': 7.7749999999999995, 'tilt_trigger_actual_depth_mm': 14.026978611946108, 'tilt_trigger_actual_tilt_deg': 0.03956468264845247, 'tilt_trigger_command_tilt_deg': 0.0, 'tilt_completion_time_s': 8.77499999999202, 'tilt_completion_actual_depth_mm': 17.342129349708557, 'tilt_completion_actual_tilt_deg': 1.3823931667891733, 'tilt_completion_command_tilt_deg': 2.0}; final retreat numerical_screen_failed
Collection: 6/7 valid references
Controlled FORGE results: /home/zephyr/Downloads/Franka-R3-Safe-Recovery-main (1)/Franka-R3-Safe-Recovery-main/outputs/Forge-GapTilt-Pilot-20260915/gap_0200
