WARNING: overwriting environment variables set in the machine
overwriting variable ['IsaacLab_PATH']
[INFO][AppLauncher]: Using device: cuda:0
[INFO][AppLauncher]: Loading experience file: /home/ibrahim/Documents/Franka-Safe-Recovery/.deps/IsaacLab/apps/isaaclab.python.headless.kit
Loading user config located at: '/home/ibrahim/miniconda3/envs/franka-safe-recovery/lib/python3.11/site-packages/isaacsim/kit/data/Kit/Isaac-Sim/5.1/user.config.json'
[Info] [carb] Logging to file: /home/ibrahim/miniconda3/envs/franka-safe-recovery/lib/python3.11/site-packages/isaacsim/kit/logs/Kit/Isaac-Sim/5.1/kit_20260915_130948.log
2026-09-15T09:09:48Z [58ms] [Warning] [omni.usd_config.extension] Enable omni.materialx.libs extension to use MaterialX
2026-09-15T09:09:48Z [355ms] [Warning] [carb] Acquiring non optional plugin interface which is not listed as dependency: [omni::physx::IPhysxBenchmarks v1.0] (plugin: <default plugin>), by client: omni.physics.physx.plugin. Add it to CARB_PLUGIN_IMPL_DEPS() macro of a client.
2026-09-15T09:09:49Z [477ms] [Warning] [omni.isaac.dynamic_control] omni.isaac.dynamic_control is deprecated as of Isaac Sim 4.5. No action is needed from end-users.

|---------------------------------------------------------------------------------------------|
| Driver Version: 580.178.04    | Graphics API: Vulkan
|=============================================================================================|
| GPU | Name                             | Active | LDA | GPU Memory | Vendor-ID | LUID       |
|     |                                  |        |     |            | Device-ID | UUID       |
|     |                                  |        |     |            | Bus-ID    |            |
|---------------------------------------------------------------------------------------------|
| 0   | NVIDIA GeForce RTX 3080          | Yes: 0 |     | 10486   MB | 10de      | 0          |
|     |                                  |        |     |            | 2206      | 20805ce9.. |
|     |                                  |        |     |            | 1         |            |
|=============================================================================================|
| OS: 22.04.5 LTS (Jammy Jellyfish) ubuntu, Version: 22.04.5, Kernel: 6.8.0-138-generic
| XServer Vendor: The X.Org Foundation, XServer Version: 12101004 (1.21.1.4)
| Processor: Intel(R) Core(TM) i5-14600KF
| Bare Metal Cores: 14 | Bare Metal Logical Cores: 28
| Available Cores:  20 
|---------------------------------------------------------------------------------------------|
| Total Memory (MB): 31923 | Free Memory: 22342
| Total Page/Swap (MB): 2047 | Free Page/Swap: 2047
|---------------------------------------------------------------------------------------------|
2026-09-15T09:09:51Z [3,397ms] [Warning] [gpu.foundation.plugin] CPU performance profile is set to powersave. This profile sets the CPU to the lowest frequency reducing performance.
2026-09-15T09:09:51Z [3,405ms] [Warning] [gpu.foundation.plugin] IOMMU is enabled.
FORGE physics: 120 Hz (upstream_default); installed scene default: 120 Hz
Setting seed: 20260913
[INFO]: Base environment:
	Environment device    : cuda:0
	Environment seed      : 20260913
	Physics step-size     : 0.008333333333333333
	Rendering step-size   : 0.03333333333333333
	Environment step-size : 0.06666666666666667
2026-09-15T09:09:52Z [3,981ms] [Warning] [isaaclab.envs.direct_rl_env] The render interval (4) is smaller than the decimation (8). Multiple render calls will happen for each environment step.If this is not intended, set the render interval to be equal to the decimation.
[INFO]: Time taken for scene creation : 2.388222 seconds
[INFO]: Scene manager:  <class InteractiveScene>
	Number of environments: 1
	Environment spacing   : 2.0
	Source prim name      : /World/envs/env_0
	Global prim paths     : []
	Replicate physics     : True
[INFO]: Starting the simulation. This may take a few seconds. Please wait...
[INFO]: Time taken for simulation start : 0.352251 seconds
[INFO]: Completed setting up the environment...
Setting seed: 20260913
[active pilot] Preparing local reference: successful_contact
Setting seed: 20260913
[active pilot] Local successful_contact: success=True stalled=False depth=19.812 mm normal=6.708 N
[active pilot] successful_contact r0_hold_+0 (1/18)
Setting seed: 20260913
[active pilot] completed; eligible=True prefix=True paused=True
[active pilot] successful_contact r0_roll_-1 (2/18)
Setting seed: 20260913
[active pilot] preparation_rejected; eligible=False prefix=False paused=False
[active pilot] successful_contact r0_y_+1 (3/18)
Setting seed: 20260913
[active pilot] completed; eligible=True prefix=True paused=True
[active pilot] successful_contact r0_x_-1 (4/18)
Setting seed: 20260913
[active pilot] completed; eligible=True prefix=True paused=True
[active pilot] successful_contact r0_y_-1 (5/18)
Setting seed: 20260913
[active pilot] preparation_rejected; eligible=False prefix=False paused=False
[active pilot] successful_contact r0_pitch_-1 (6/18)
Setting seed: 20260913
[active pilot] completed; eligible=True prefix=True paused=True
[active pilot] successful_contact r0_roll_+1 (7/18)
Setting seed: 20260913
[active pilot] completed; eligible=True prefix=True paused=True
[active pilot] successful_contact r0_x_+1 (8/18)
Setting seed: 20260913
[active pilot] preparation_rejected; eligible=False prefix=False paused=False
[active pilot] successful_contact r0_pitch_+1 (9/18)
Setting seed: 20260913
[active pilot] completed; eligible=True prefix=True paused=True
[active pilot] successful_contact r1_x_+1 (10/18)
Setting seed: 20260913
[active pilot] completed; eligible=True prefix=True paused=True
[active pilot] successful_contact r1_y_+1 (11/18)
Setting seed: 20260913
[active pilot] preparation_rejected; eligible=False prefix=False paused=False
[active pilot] successful_contact r1_roll_-1 (12/18)
Setting seed: 20260913
[active pilot] completed; eligible=True prefix=True paused=True
[active pilot] successful_contact r1_pitch_+1 (13/18)
Setting seed: 20260913
[active pilot] completed; eligible=True prefix=True paused=True
[active pilot] successful_contact r1_x_-1 (14/18)
Setting seed: 20260913
[active pilot] preparation_rejected; eligible=False prefix=False paused=False
[active pilot] successful_contact r1_roll_+1 (15/18)
Setting seed: 20260913
[active pilot] completed; eligible=True prefix=True paused=True
[active pilot] successful_contact r1_hold_+0 (16/18)
Setting seed: 20260913
[active pilot] completed; eligible=True prefix=True paused=True
[active pilot] successful_contact r1_y_-1 (17/18)
Setting seed: 20260913
[active pilot] preparation_rejected; eligible=False prefix=False paused=False
[active pilot] successful_contact r1_pitch_-1 (18/18)
Setting seed: 20260913
[active pilot] completed; eligible=True prefix=True paused=True
[active pilot] Preparing local reference: stalled_contact
Setting seed: 20260913
[active pilot] Local stalled_contact: success=False stalled=True depth=17.299 mm normal=16.088 N
[active pilot] stalled_contact r0_hold_+0 (1/18)
Setting seed: 20260913
[active pilot] preparation_rejected; eligible=False prefix=False paused=False
[active pilot] stalled_contact r0_roll_-1 (2/18)
Setting seed: 20260913
[active pilot] completed; eligible=True prefix=True paused=True
[active pilot] stalled_contact r0_y_+1 (3/18)
Setting seed: 20260913
[active pilot] completed; eligible=True prefix=True paused=True
[active pilot] stalled_contact r0_x_-1 (4/18)
Setting seed: 20260913
[active pilot] preparation_rejected; eligible=False prefix=False paused=False
[active pilot] stalled_contact r0_y_-1 (5/18)
Setting seed: 20260913
[active pilot] completed; eligible=True prefix=True paused=True
[active pilot] stalled_contact r0_pitch_-1 (6/18)
Setting seed: 20260913
[active pilot] completed; eligible=True prefix=True paused=True
[active pilot] stalled_contact r0_roll_+1 (7/18)
Setting seed: 20260913
[active pilot] preparation_rejected; eligible=False prefix=False paused=False
[active pilot] stalled_contact r0_x_+1 (8/18)
Setting seed: 20260913
[active pilot] completed; eligible=True prefix=True paused=True
[active pilot] stalled_contact r0_pitch_+1 (9/18)
Setting seed: 20260913
[active pilot] completed; eligible=True prefix=True paused=True
[active pilot] stalled_contact r1_x_+1 (10/18)
Setting seed: 20260913
[active pilot] preparation_rejected; eligible=False prefix=False paused=False
[active pilot] stalled_contact r1_y_+1 (11/18)
Setting seed: 20260913
[active pilot] completed; eligible=True prefix=True paused=True
[active pilot] stalled_contact r1_roll_-1 (12/18)
Setting seed: 20260913
[active pilot] completed; eligible=True prefix=True paused=True
[active pilot] stalled_contact r1_pitch_+1 (13/18)
Setting seed: 20260913
[active pilot] preparation_rejected; eligible=False prefix=False paused=False
[active pilot] stalled_contact r1_x_-1 (14/18)
Setting seed: 20260913
[active pilot] completed; eligible=True prefix=True paused=True
[active pilot] stalled_contact r1_roll_+1 (15/18)
Setting seed: 20260913
[active pilot] completed; eligible=True prefix=True paused=True
[active pilot] stalled_contact r1_hold_+0 (16/18)
Setting seed: 20260913
[active pilot] preparation_rejected; eligible=False prefix=False paused=False
[active pilot] stalled_contact r1_y_-1 (17/18)
Setting seed: 20260913
[active pilot] completed; eligible=True prefix=True paused=True
[active pilot] stalled_contact r1_pitch_-1 (18/18)
Setting seed: 20260913
[active pilot] completed; eligible=True prefix=True paused=True
[active pilot] Analysis: {'attempts': 36, 'completed': 24, 'eligible': 24, 'baseline_repeats': 2, 'signed_above_baseline': 0, 'valid_central_pairs': 2, 'repeatable_signed_directions': 0, 'distinguishable_axis_pairs': 0}
