[
  {
    "policy": "nominal",
    "runs": 8,
    "successes": 2,
    "stalled_runs": 6,
    "safety_stops": 0,
    "recovery_budget_stops": 0,
    "interventions": 0,
    "safe_0_5_mm_crossings": 0,
    "verified_unloadings": 0,
    "verified_load_decreases": 0,
    "retries": 0,
    "evaluable_retries": 0,
    "stalled_retries": 0,
    "mean_final_depth_mm": 17.554394993931055,
    "max_wrist_force_n": 3.8601417541503906,
    "max_wrist_torque_nm": 0.16994065046310425,
    "max_normal_load_n": 16.698932647705078
  },
  {
    "policy": "fixed",
    "runs": 8,
    "successes": 2,
    "stalled_runs": 6,
    "safety_stops": 2,
    "recovery_budget_stops": 0,
    "interventions": 12,
    "safe_0_5_mm_crossings": 0,
    "verified_unloadings": 0,
    "verified_load_decreases": 0,
    "retries": 10,
    "evaluable_retries": 10,
    "stalled_retries": 10,
    "mean_final_depth_mm": 17.551250383257866,
    "max_wrist_force_n": 3.891838550567627,
    "max_wrist_torque_nm": 0.18105126917362213,
    "max_normal_load_n": 16.67090606689453
  },
  {
    "policy": "verified",
    "runs": 8,
    "successes": 2,
    "stalled_runs": 2,
    "safety_stops": 0,
    "recovery_budget_stops": 6,
    "interventions": 6,
    "safe_0_5_mm_crossings": 0,
    "verified_unloadings": 0,
    "verified_load_decreases": 0,
    "retries": 0,
    "evaluable_retries": 0,
    "stalled_retries": 0,
    "mean_final_depth_mm": 17.52938386052847,
    "max_wrist_force_n": 3.9279191493988037,
    "max_wrist_torque_nm": 0.16994065046310425,
    "max_normal_load_n": 13.962629318237305
  }
]
