WARNING: overwriting environment variables set in the machine
overwriting variable ['IsaacLab_PATH']
[INFO][AppLauncher]: Using device: cuda:0
[INFO][AppLauncher]: Loading experience file: /home/ibrahim/Documents/Franka-Safe-Recovery/.deps/IsaacLab/apps/isaaclab.python.headless.kit
Loading user config located at: '/home/ibrahim/miniconda3/envs/franka-safe-recovery/lib/python3.11/site-packages/isaacsim/kit/data/Kit/Isaac-Sim/5.1/user.config.json'
[Info] [carb] Logging to file: /home/ibrahim/miniconda3/envs/franka-safe-recovery/lib/python3.11/site-packages/isaacsim/kit/logs/Kit/Isaac-Sim/5.1/kit_20260915_152630.log
2026-09-15T11:26:30Z [61ms] [Warning] [omni.usd_config.extension] Enable omni.materialx.libs extension to use MaterialX
2026-09-15T11:26:31Z [360ms] [Warning] [carb] Acquiring non optional plugin interface which is not listed as dependency: [omni::physx::IPhysxBenchmarks v1.0] (plugin: <default plugin>), by client: omni.physics.physx.plugin. Add it to CARB_PLUGIN_IMPL_DEPS() macro of a client.
2026-09-15T11:26:31Z [480ms] [Warning] [omni.isaac.dynamic_control] omni.isaac.dynamic_control is deprecated as of Isaac Sim 4.5. No action is needed from end-users.

|---------------------------------------------------------------------------------------------|
| Driver Version: 580.178.04    | Graphics API: Vulkan
|=============================================================================================|
| GPU | Name                             | Active | LDA | GPU Memory | Vendor-ID | LUID       |
|     |                                  |        |     |            | Device-ID | UUID       |
|     |                                  |        |     |            | Bus-ID    |            |
|---------------------------------------------------------------------------------------------|
| 0   | NVIDIA GeForce RTX 3080          | Yes: 0 |     | 10486   MB | 10de      | 0          |
|     |                                  |        |     |            | 2206      | 20805ce9.. |
|     |                                  |        |     |            | 1         |            |
|=============================================================================================|
| OS: 22.04.5 LTS (Jammy Jellyfish) ubuntu, Version: 22.04.5, Kernel: 6.8.0-138-generic
| XServer Vendor: The X.Org Foundation, XServer Version: 12101004 (1.21.1.4)
| Processor: Intel(R) Core(TM) i5-14600KF
| Bare Metal Cores: 14 | Bare Metal Logical Cores: 28
| Available Cores:  20 
|---------------------------------------------------------------------------------------------|
| Total Memory (MB): 31923 | Free Memory: 21809
| Total Page/Swap (MB): 2047 | Free Page/Swap: 2046
|---------------------------------------------------------------------------------------------|
2026-09-15T11:26:34Z [3,376ms] [Warning] [gpu.foundation.plugin] CPU performance profile is set to powersave. This profile sets the CPU to the lowest frequency reducing performance.
2026-09-15T11:26:34Z [3,384ms] [Warning] [gpu.foundation.plugin] IOMMU is enabled.
FORGE physics: 120 Hz (upstream_default); installed scene default: 120 Hz
Setting seed: 20260913
[INFO]: Base environment:
	Environment device    : cuda:0
	Environment seed      : 20260913
	Physics step-size     : 0.008333333333333333
	Rendering step-size   : 0.03333333333333333
	Environment step-size : 0.06666666666666667
2026-09-15T11:26:34Z [3,982ms] [Warning] [isaaclab.envs.direct_rl_env] The render interval (4) is smaller than the decimation (8). Multiple render calls will happen for each environment step.If this is not intended, set the render interval to be equal to the decimation.
[INFO]: Time taken for scene creation : 4.014947 seconds
[INFO]: Scene manager:  <class InteractiveScene>
	Number of environments: 1
	Environment spacing   : 2.0
	Source prim name      : /World/envs/env_0
	Global prim paths     : []
	Replicate physics     : True
[INFO]: Starting the simulation. This may take a few seconds. Please wait...
[INFO]: Time taken for simulation start : 0.338337 seconds
[INFO]: Completed setting up the environment...
Setting seed: 20260913
[verified unloading] 1/24 y_negative_tilt/repeat0/verified
Setting seed: 20260913
[verified unloading] unloading_budget_exhausted; depth=17.011 stall=True interventions=1 verified=0 wrist=3.928 N load=13.963 N
[verified unloading] 2/24 y_negative_tilt/repeat0/fixed
Setting seed: 20260913
[verified unloading] time_budget_exhausted; depth=16.958 stall=True interventions=2 verified=0 wrist=3.474 N load=15.921 N
[verified unloading] 3/24 y_negative_tilt/repeat0/nominal
Setting seed: 20260913
[verified unloading] time_budget_exhausted; depth=17.003 stall=True interventions=0 verified=0 wrist=3.650 N load=16.656 N
[verified unloading] 4/24 x_positive_drift_control/repeat0/fixed
Setting seed: 20260913
[verified unloading] insertion_success; depth=19.675 stall=False interventions=0 verified=0 wrist=1.315 N load=1.176 N
[verified unloading] 5/24 x_positive_drift_control/repeat0/nominal
Setting seed: 20260913
[verified unloading] insertion_success; depth=19.675 stall=False interventions=0 verified=0 wrist=1.315 N load=1.176 N
[verified unloading] 6/24 x_positive_drift_control/repeat0/verified
Setting seed: 20260913
[verified unloading] insertion_success; depth=19.702 stall=False interventions=0 verified=0 wrist=1.319 N load=1.179 N
[verified unloading] 7/24 y_positive_combined/repeat0/nominal
Setting seed: 20260913
[verified unloading] time_budget_exhausted; depth=16.370 stall=True interventions=0 verified=0 wrist=3.860 N load=16.699 N
[verified unloading] 8/24 y_positive_combined/repeat0/verified
Setting seed: 20260913
[verified unloading] unloading_budget_exhausted; depth=16.335 stall=False interventions=1 verified=0 wrist=3.869 N load=12.794 N
[verified unloading] 9/24 y_positive_combined/repeat0/fixed
Setting seed: 20260913
[verified unloading] time_budget_exhausted; depth=16.354 stall=True interventions=2 verified=0 wrist=3.892 N load=16.313 N
[verified unloading] 10/24 x_positive_combined/repeat0/verified
Setting seed: 20260913
[verified unloading] unloading_budget_exhausted; depth=17.094 stall=False interventions=1 verified=0 wrist=3.187 N load=10.543 N
[verified unloading] 11/24 x_positive_combined/repeat0/fixed
Setting seed: 20260913
[verified unloading] grasp_retention_limit; depth=17.177 stall=True interventions=2 verified=0 wrist=2.640 N load=12.590 N
[verified unloading] 12/24 x_positive_combined/repeat0/nominal
Setting seed: 20260913
[verified unloading] time_budget_exhausted; depth=17.183 stall=True interventions=0 verified=0 wrist=2.599 N load=13.568 N
[verified unloading] 13/24 x_positive_drift_control/repeat1/fixed
Setting seed: 20260913
[verified unloading] insertion_success; depth=19.675 stall=False interventions=0 verified=0 wrist=1.315 N load=1.176 N
[verified unloading] 14/24 x_positive_drift_control/repeat1/verified
Setting seed: 20260913
[verified unloading] insertion_success; depth=19.675 stall=False interventions=0 verified=0 wrist=1.315 N load=1.176 N
[verified unloading] 15/24 x_positive_drift_control/repeat1/nominal
Setting seed: 20260913
[verified unloading] insertion_success; depth=19.702 stall=False interventions=0 verified=0 wrist=1.319 N load=1.179 N
[verified unloading] 16/24 y_positive_combined/repeat1/verified
Setting seed: 20260913
[verified unloading] unloading_budget_exhausted; depth=16.335 stall=False interventions=1 verified=0 wrist=3.869 N load=12.794 N
[verified unloading] 17/24 y_positive_combined/repeat1/fixed
Setting seed: 20260913
[verified unloading] time_budget_exhausted; depth=16.366 stall=True interventions=2 verified=0 wrist=3.680 N load=16.671 N
[verified unloading] 18/24 y_positive_combined/repeat1/nominal
Setting seed: 20260913
[verified unloading] time_budget_exhausted; depth=16.354 stall=True interventions=0 verified=0 wrist=3.703 N load=16.364 N
[verified unloading] 19/24 x_positive_combined/repeat1/fixed
Setting seed: 20260913
[verified unloading] grasp_retention_limit; depth=17.177 stall=True interventions=2 verified=0 wrist=2.640 N load=12.590 N
[verified unloading] 20/24 x_positive_combined/repeat1/nominal
Setting seed: 20260913
[verified unloading] time_budget_exhausted; depth=17.179 stall=True interventions=0 verified=0 wrist=2.687 N load=12.722 N
[verified unloading] 21/24 x_positive_combined/repeat1/verified
Setting seed: 20260913
[verified unloading] unloading_budget_exhausted; depth=17.072 stall=False interventions=1 verified=0 wrist=3.171 N load=10.596 N
[verified unloading] 22/24 y_negative_tilt/repeat1/nominal
Setting seed: 20260913
[verified unloading] time_budget_exhausted; depth=16.969 stall=True interventions=0 verified=0 wrist=3.448 N load=16.214 N
[verified unloading] 23/24 y_negative_tilt/repeat1/verified
Setting seed: 20260913
[verified unloading] unloading_budget_exhausted; depth=17.011 stall=True interventions=1 verified=0 wrist=3.928 N load=13.963 N
[verified unloading] 24/24 y_negative_tilt/repeat1/fixed
Setting seed: 20260913
[verified unloading] time_budget_exhausted; depth=17.029 stall=True interventions=2 verified=0 wrist=3.622 N load=16.010 N
