[INFO][AppLauncher]: Using device: cuda:0
[INFO][AppLauncher]: Loading experience file: /home/zephyr/Downloads/Franka-R3-Safe-Recovery-main (1)/Franka-R3-Safe-Recovery-main/.deps/IsaacLab/apps/isaaclab.python.headless.kit
Loading user config located at: '/home/zephyr/miniforge3/envs/franka-safe-recovery/lib/python3.11/site-packages/isaacsim/kit/data/Kit/Isaac-Sim/5.1/user.config.json'
[Info] [carb] Logging to file: /home/zephyr/miniforge3/envs/franka-safe-recovery/lib/python3.11/site-packages/isaacsim/kit/logs/Kit/Isaac-Sim/5.1/kit_20260915_153630.log
2026-09-15T11:36:30Z [90ms] [Warning] [omni.usd_config.extension] Enable omni.materialx.libs extension to use MaterialX
2026-09-15T11:36:30Z [505ms] [Warning] [carb] Acquiring non optional plugin interface which is not listed as dependency: [omni::physx::IPhysxBenchmarks v1.0] (plugin: <default plugin>), by client: omni.physics.physx.plugin. Add it to CARB_PLUGIN_IMPL_DEPS() macro of a client.
2026-09-15T11:36:30Z [649ms] [Warning] [omni.isaac.dynamic_control] omni.isaac.dynamic_control is deprecated as of Isaac Sim 4.5. No action is needed from end-users.
2026-09-15T11:36:34Z [4,796ms] [Warning] [gpu.foundation.plugin] Skipping unsupported non-NVIDIA GPU: AMD Unknown (RADV RAPHAEL_MENDOCINO)
2026-09-15T11:36:34Z [4,796ms] [Warning] [gpu.foundation.plugin] Skipping unsupported non-NVIDIA GPU: AMD Unknown (RADV RAPHAEL_MENDOCINO)

|---------------------------------------------------------------------------------------------|
| Driver Version: 580.178.04    | Graphics API: Vulkan
|=============================================================================================|
| GPU | Name                             | Active | LDA | GPU Memory | Vendor-ID | LUID       |
|     |                                  |        |     |            | Device-ID | UUID       |
|     |                                  |        |     |            | Bus-ID    |            |
|---------------------------------------------------------------------------------------------|
| 0   | NVIDIA GeForce RTX 5060 Laptop.. | Yes: 0 |     | 8151    MB | 10de      | 0          |
|     |                                  |        |     |            | 2d59      | 15f9a3c9.. |
|     |                                  |        |     |            | 1         |            |
|---------------------------------------------------------------------------------------------|
| 1   | AMD Unknown (RADV RAPHAEL_MEND.. |        |     | 10799   MB | 1002      | 0          |
|     |                                  |        |     |            | 164e      | 00000000.. |
|     |                                  |        |     |            | 6         |            |
|=============================================================================================|
| OS: 22.04.5 LTS (Jammy Jellyfish) ubuntu, Version: 22.04.5, Kernel: 6.8.0-138-generic
| XServer Vendor: The X.Org Foundation, XServer Version: 12101004 (1.21.1.4)
| Processor: AMD Ryzen 9 8940HX with Radeon Graphics
| Cores: 16 | Logical Cores: 32
|---------------------------------------------------------------------------------------------|
| Total Memory (MB): 31374 | Free Memory: 24818
| Total Page/Swap (MB): 2047 | Free Page/Swap: 2047
|---------------------------------------------------------------------------------------------|
2026-09-15T11:36:35Z [5,079ms] [Warning] [gpu.foundation.plugin] CPU performance profile is set to powersave. This profile sets the CPU to the lowest frequency reducing performance.
2026-09-15T11:36:35Z [5,088ms] [Warning] [gpu.foundation.plugin] PCIe link width current (8) and maximum (16) for device 0 don't match.
2026-09-15T11:36:35Z [5,088ms] [Warning] [gpu.foundation.plugin] IOMMU is enabled.
2026-09-15T11:36:35Z [5,088ms] [Warning] [gpu.foundation.plugin] Detected IOMMU is enabled. Running CUDA peer-to-peer bandwidth and latency validation.
Unidirectional P2P=Enabled Bandwidth (P2P Writes) Matrix (GB/s)
   D\D     0 
     0 264.52 
P2P=Enabled Latency (P2P Writes) Matrix (us)
   GPU     0 
     0   2.06 

   CPU     0 
     0   1.81 
FORGE physics: 240 Hz (explicit_override); installed scene default: 120 Hz
Traceback (most recent call last):
  File "/home/zephyr/Downloads/Franka-R3-Safe-Recovery-main (1)/Franka-R3-Safe-Recovery-main/simulation/launch_forge_mechanics.py", line 49, in <module>
    run(args, app)
  File "/home/zephyr/Downloads/Franka-R3-Safe-Recovery-main (1)/Franka-R3-Safe-Recovery-main/simulation/forge_mechanics.py", line 139, in run
    return _run(args, app, directory)
           ^^^^^^^^^^^^^^^^^^^^^^^^^^
  File "/home/zephyr/Downloads/Franka-R3-Safe-Recovery-main (1)/Franka-R3-Safe-Recovery-main/simulation/forge_mechanics.py", line 158, in _run
    validate_resume(saved, manifest)
  File "/home/zephyr/Downloads/Franka-R3-Safe-Recovery-main (1)/Franka-R3-Safe-Recovery-main/research/forge_mechanics_protocol.py", line 78, in validate_resume
    raise ValueError(f'Cannot resume: frozen {key} differs')
ValueError: Cannot resume: frozen protocol differs
ERROR conda.cli.main_run:execute(148): `conda run python -u -s /home/zephyr/Downloads/Franka-R3-Safe-Recovery-main (1)/Franka-R3-Safe-Recovery-main/simulation/launch_forge_mechanics.py --headless --output-dir outputs/Forge-Mechanics-Pilot-20260915 --resume --case-ids m_d12_fs075_fd075_a00 m_d18_fs075_fd075_a00 m_d12_fs075_fd075_a02` failed. (See above for error)
